---
source: bundle-cat-lib/src/tests/log.rs
expression: "String::from_utf8_lossy(&no_header_out)"
---
{"msg":"loopback entry fd69:644c:516f:ee88::1 already set","v":0,"name":"dpd","level":20,"time":"1986-12-26T07:30:02.0679829Z","hostname":"oxz_switch","pid":1717}
{"msg":"request completed","v":0,"name":"dpd","level":30,"time":"1986-12-28T07:30:02.068057082Z","hostname":"oxz_switch","pid":1717,"uri":"/loopback/ipv6","method":"POST","req_id":"ce63fccd-fb9e-4a99-a3a8-5c1677740099","remote_addr":"[::1]:60692","local_addr":"[::1]:12224","server_id":"2","unit":"api-server","latency_us":92,"response_code":"204"}
{"msg":"request completed","v":0,"name":"dpd","level":30,"time":"1986-12-28T07:30:02.068201157Z","hostname":"oxz_switch","pid":1717,"uri":"/route/ipv4/0.0.0.0%2F0","method":"GET","req_id":"af76ae57-5dbf-42c2-91c7-9a376a779188","remote_addr":"[::1]:60692","local_addr":"[::1]:12224","server_id":"2","unit":"api-server","latency_us":49,"response_code":"200"}
{"msg":"request completed","v":0,"name":"dpd","level":30,"time":"1986-12-28T07:30:02.068945446Z","hostname":"oxz_switch","pid":1717,"uri":"/ports/qsfp0/links/0","method":"GET","req_id":"d3df6b3b-48e8-4ffb-ab03-1fe07c5e0126","remote_addr":"[::1]:60692","local_addr":"[::1]:12224","server_id":"2","unit":"api-server","latency_us":78,"response_code":"200"}
{"msg":"loopback entry fd69:644c:516f:ee88::1 already set","v":0,"name":"dpd","level":20,"time":"1986-12-26T07:30:02.0679829Z","hostname":"oxz_switch","pid":1717}
{"msg":"request completed","v":0,"name":"dpd","level":30,"time":"1986-12-28T07:30:02.068057082Z","hostname":"oxz_switch","pid":1717,"uri":"/loopback/ipv6","method":"POST","req_id":"ce63fccd-fb9e-4a99-a3a8-5c1677740099","remote_addr":"[::1]:60692","local_addr":"[::1]:12224","server_id":"2","unit":"api-server","latency_us":92,"response_code":"204"}
{"msg":"request completed","v":0,"name":"dpd","level":30,"time":"1986-12-28T07:30:02.068201157Z","hostname":"oxz_switch","pid":1717,"uri":"/route/ipv4/0.0.0.0%2F0","method":"GET","req_id":"af76ae57-5dbf-42c2-91c7-9a376a779188","remote_addr":"[::1]:60692","local_addr":"[::1]:12224","server_id":"2","unit":"api-server","latency_us":49,"response_code":"200"}
{"msg":"request completed","v":0,"name":"dpd","level":30,"time":"1986-12-28T07:30:02.068945446Z","hostname":"oxz_switch","pid":1717,"uri":"/ports/qsfp0/links/0","method":"GET","req_id":"d3df6b3b-48e8-4ffb-ab03-1fe07c5e0126","remote_addr":"[::1]:60692","local_addr":"[::1]:12224","server_id":"2","unit":"api-server","latency_us":78,"response_code":"200"}
Sled { identity: SledIdentity { id: 690650fd-4f95-4b3a-b2ec-977d47154383, time_created: 2025-05-08T20:31:05.863348Z, time_modified: 2025-05-08T20:31:05.863348Z }, time_deleted: None, rcgen: Generation(Generation(21)), rack_id: 34261901-b550-451c-9bd0-3926bb29c40d, is_scrimlet: true, serial_number: "BRM03250013", part_number: "913-0000019", revision: SqlU32(14), usable_hardware_threads: SqlU32(128), usable_physical_ram: ByteCount(ByteCount(2186120527872)), reservoir_size: ByteCount(ByteCount(1790577737728)), ip: fd00:1122:3344:108::1, port: SqlU16(12345), last_used_address: fd00:1122:3344:108::1:7, policy: InService, state: Active, sled_agent_gen: Generation(Generation(1)), repo_depot_port: SqlU16(12348) }
{"msg":"accepted connection","v":0,"name":"SledAgent","level":30,"time":"2025-09-20T03:10:05.955267578Z","hostname":"BRM03250017","pid":653,"local_addr":"[fd00:1122:3344:10b::1]:12345","component":"dropshot (SledAgent)","file":"/home/build/.cargo/registry/src/index.crates.io-1949cf8c6b5b557f/dropshot-0.16.2/src/server.rs:1025","remote_addr":"[fd00:1122:3344:110::3]:58794"}
{"msg":"request completed","v":0,"name":"SledAgent","level":30,"time":"1986-12-28T03:10:06.955544333Z","hostname":"BRM03250017","pid":653,"uri":"/vmms/6534d5a9-a7b7-4fc6-b593-c4fa2a1105bd/state","method":"GET","req_id":"28f129e9-8291-4f2a-a239-d86ae96baf49","remote_addr":"[fd00:1122:3344:110::3]:58794","local_addr":"[fd00:1122:3344:10b::1]:12345","component":"dropshot (SledAgent)","file":"/home/build/.cargo/registry/src/index.crates.io-1949cf8c6b5b557f/dropshot-0.16.2/src/server.rs:867","latency_us":162,"response_code":200}
{"msg":"request completed","v":0,"name":"SledAgent","level":30,"time":"2025-09-30T18:46:54.021483428Z","hostname":"BRM03250017","pid":653,"uri":"/vpc-routes","method":"GET","req_id":"0a7087c0-dec9-43f5-b0a3-a4567f73853a","remote_addr":"[fd00:1122:3344:10e::3]:42087","local_addr":"[fd00:1122:3344:10b::1]:12345","component":"dropshot (SledAgent)","file":"/home/build/.cargo/registry/src/index.crates.io-1949cf8c6b5b557f/dropshot-0.16.2/src/server.rs:867","latency_us":45,"response_code":200}
{"msg":"request completed","v":0,"name":"SledAgent","level":30,"time":"2025-10-05T16:13:17.955544333Z","hostname":"BRM03250017","pid":653,"uri":"/vmms/6534d5a9-a7b7-4fc6-b593-c4fa2a1105bd/state","method":"GET","req_id":"28f129e9-8291-4f2a-a239-d86ae96baf49","remote_addr":"[fd00:1122:3344:110::3]:58794","local_addr":"[fd00:1122:3344:10b::1]:12345","component":"dropshot (SledAgent)","file":"/home/build/.cargo/registry/src/index.crates.io-1949cf8c6b5b557f/dropshot-0.16.2/src/server.rs:867","latency_us":162,"response_code":200}
{"msg":"client response","v":0,"name":"nexus","level":20,"time":"2025-09-24T09:00:01.813252417Z","hostname":"oxz_nexus_b48c76b6-656f-4258-862a-4d2a2b9abfc0","pid":10391,"gateway_url":"http://[fd00:1122:3344:108::2]:12225","background_task":"inventory_collection","component":"BackgroundTasks","component":"nexus","component":"ServerContext","name":"b48c76b6-656f-4258-862a-4d2a2b9abfc0","result":"Ok(Response { url: \"http://[fd00:1122:3344:108::2]:12225/sp/sled/20/component/rot/caboose?firmware_slot=1\", status: 200, headers: {\"content-type\": \"application/json\", \"x-request-id\": \"c41ca417-a096-458c-98c3-d0604e66d5a9\", \"content-length\": \"206\", \"date\": \"Wed, 24 Sep 2025 09:00:01 GMT\"} })"}
2025-09-24T05:58:09Z Selected source fd00:1122:3344:101::e (boundary-ntp.control-plane.oxide.internal)
Sled { identity: SledIdentity { id: f589c739-3c4c-4731-8f6f-41c8b2e72f89, time_created: 2025-05-08T20:31:07.381152Z, time_modified: 2025-09-22T15:44:13.232736Z }, time_deleted: None, rcgen: Generation(Generation(21)), rack_id: 34261901-b550-451c-9bd0-3926bb29c40d, is_scrimlet: false, serial_number: "BRM03250017", part_number: "913-0000019", revision: SqlU32(14), usable_hardware_threads: SqlU32(128), usable_physical_ram: ByteCount(ByteCount(2186120527872)), reservoir_size: ByteCount(ByteCount(1790577737728)), ip: fd00:1122:3344:10b::1, port: SqlU16(12345), last_used_address: fd00:1122:3344:10b::1:8, policy: InService, state: Active, sled_agent_gen: Generation(Generation(3)), repo_depot_port: SqlU16(12348) }
