---
source: bundle-cat-lib/src/tests/log.rs
expression: "String::from_utf8_lossy(&before_out)"
---
==> rack/34261901-b550-451c-9bd0-3926bb29c40d/sled/f589c739-3c4c-4731-8f6f-41c8b2e72f89/logs/global/sled-agent/archive/oxide-sled-agent:default.log.1758382851 <==
{"msg":"accepted connection","v":0,"name":"SledAgent","level":30,"time":"2025-09-20T03:10:05.955267578Z","hostname":"BRM03250017","pid":653,"local_addr":"[fd00:1122:3344:10b::1]:12345","component":"dropshot (SledAgent)","file":"/home/build/.cargo/registry/src/index.crates.io-1949cf8c6b5b557f/dropshot-0.16.2/src/server.rs:1025","remote_addr":"[fd00:1122:3344:110::3]:58794"}
