---
source: bundle-cat/src/main.rs
expression: "String::from_utf8_lossy(&exec_head_out)"
---
==> rack/34261901-b550-451c-9bd0-3926bb29c40d/sled/690650fd-4f95-4b3a-b2ec-977d47154383/logs/oxz_switch/dendrite/archive/oxide-dendrite:default.log.1758702600 <==
{
  "msg": "loopback entry fd69:644c:516f:ee88::1 already set",
  "v": 0,
  "name": "dpd",
  "level": 20,
  "time": "1986-12-26T07:30:02.0679829Z",
  "hostname": "oxz_switch",
  "pid": 1717
}
{
  "msg": "request completed",
  "v": 0,
  "name": "dpd",
  "level": 30,
  "time": "1986-12-28T07:30:02.068057082Z",
  "hostname": "oxz_switch",
  "pid": 1717,
  "uri": "/loopback/ipv6",
  "method": "POST",
  "req_id": "ce63fccd-fb9e-4a99-a3a8-5c1677740099",
  "remote_addr": "[::1]:60692",
  "local_addr": "[::1]:12224",
  "server_id": "2",
  "unit": "api-server",
  "latency_us": 92,
  "response_code": "204"
}

==> rack/34261901-b550-451c-9bd0-3926bb29c40d/sled/690650fd-4f95-4b3a-b2ec-977d47154383/logs/oxz_switch/dendrite/current/oxide-dendrite:default.log <==
{
  "msg": "loopback entry fd69:644c:516f:ee88::1 already set",
  "v": 0,
  "name": "dpd",
  "level": 20,
  "time": "1986-12-26T07:30:02.0679829Z",
  "hostname": "oxz_switch",
  "pid": 1717
}
{
  "msg": "request completed",
  "v": 0,
  "name": "dpd",
  "level": 30,
  "time": "1986-12-28T07:30:02.068057082Z",
  "hostname": "oxz_switch",
  "pid": 1717,
  "uri": "/loopback/ipv6",
  "method": "POST",
  "req_id": "ce63fccd-fb9e-4a99-a3a8-5c1677740099",
  "remote_addr": "[::1]:60692",
  "local_addr": "[::1]:12224",
  "server_id": "2",
  "unit": "api-server",
  "latency_us": 92,
  "response_code": "204"
}
